snapshot opened: H&P2-final - Copie.docx
snapshot stories done: H&P2-final - Copie.docx
snapshot opened: H&P2-final - Copie.docx
snapshot stories done: H&P2-final - Copie.docx
snapshot opened: H&P2-final - Copie.docx
snapshot stories done: H&P2-final - Copie.docx
io_samples: H&P2-final - Copie.docx OK
snapshot opened: H&P2-final.docx
snapshot stories done: H&P2-final.docx
snapshot opened: H&P2-final.docx
snapshot stories done: H&P2-final.docx
snapshot opened: H&P2-final.docx
snapshot stories done: H&P2-final.docx
io_samples: H&P2-final.docx OK
snapshot opened: test_attendu.docx
snapshot stories done: test_attendu.docx
snapshot opened: test_attendu.docx
snapshot stories done: test_attendu.docx
snapshot opened: test_attendu.docx
snapshot stories done: test_attendu.docx
io_samples: test_attendu.docx OK
snapshot opened: test_entree.docx
snapshot stories done: test_entree.docx
